# File Metrics
comment_lines=4.0
comment_ratio=0.22
complexity=11.0
excessive_comments=0.0
loc=23.0
logic_complexity=7.0
long_method=0.0
long_parameter_list=0.0
message_chains=2.0
number_of_functions=3.0
rloc=18.0

# Per-Function Metrics
max_complexity_per_function=3.0
max_parameters_per_function=2.0
max_rloc_per_function=2.0
mean_complexity_per_function=1.5
mean_parameters_per_function=1.5
mean_rloc_per_function=2.0
median_complexity_per_function=1.5
median_parameters_per_function=1.5
median_rloc_per_function=2.0
min_complexity_per_function=0.0
min_parameters_per_function=1.0
min_rloc_per_function=2.0
